// Jest Snapshot v1, https://goo.gl/fbAQLP

exports[`<App /> should match snapshot 1`] = `
<ContentWrapper>
  <Navbar />
  <Scroll
    id="main-scroll"
  >
    <Container
      id="main-container"
    >
      <Switch>
        <Route
          component={[Function]}
          exact={true}
          path="/"
        />
        <Route
          component={[Function]}
          exact={true}
          path="/new-post"
        />
        <Route
          component={[Function]}
          exact={true}
          path="/post/:id/update"
        />
        <Route
          component={[Function]}
          exact={true}
          path="/post/:id"
        />
        <Route
          component={[Function]}
          exact={true}
          path="/profile"
        />
        <Route>
          <Redirect
            to="/"
          />
        </Route>
      </Switch>
    </Container>
  </Scroll>
  <Footer />
</ContentWrapper>
`;
