// Jest Snapshot v1, https://goo.gl/fbAQLP

exports[`<App /> should match snapshot 1`] = `
<ContentWrapper>
  <Navbar />
  <Container>
    <Scroll>
      <Switch>
        <Route
          component={[Function]}
          exact={true}
          path="/"
        />
        <Route
          component={[Function]}
          exact={true}
          path="/new-post"
        />
        <Route
          component={[Function]}
          exact={true}
          path="/post/:id"
        />
        <Route
          component={[Function]}
          exact={true}
          path="/profile"
        />
        <Route>
          <Redirect
            to="/"
          />
        </Route>
      </Switch>
    </Scroll>
  </Container>
  <Footer />
</ContentWrapper>
`;
